// Jest Snapshot v1, https://goo.gl/fbAQLP

exports[`TrackDetails SubContainer tests should render and match the snapshot 1`] = `
<body>
  <div>
    <div
      class="sc-braxZu hWChFe"
      minwidth="10%"
    >
      <div
        class="ant-skeleton ant-skeleton-active css-dev-only-do-not-override-1pg9a38"
      >
        <div
          class="ant-skeleton-content"
        >
          <h3
            class="ant-skeleton-title"
            style="width: 38%;"
          />
          <ul
            class="ant-skeleton-paragraph"
          >
            <li />
            <li />
            <li
              style="width: 61%;"
            />
          </ul>
        </div>
      </div>
    </div>
  </div>
</body>
`;
