// Jest Snapshot v1, https://goo.gl/fbAQLP

exports[`<ItunesCard/> tests should render and match the snapshot 1`] = `
<body>
  <div>
    <div
      class="ant-card ant-card-bordered css-zsbyvt evxfas45 css-dev-only-do-not-override-1pg9a38"
      data-testid="song-card"
    >
      <div
        class="ant-card-body"
      >
        <div
          class="css-82a6rk evxfas44"
        >
          <img
            alt="Track"
            class="css-1wylkl evxfas43"
            src="https://www.google.com/url?sa=i&url=https%3A%2F%2Fdribbble.com%2Fshots%2F14395014-Music-Logo&psig=AOvVaw3I_T0J8_ZRKW_g4VF_KmKz&ust=1630933127025000&source=images&cd=vfe&ved=2ahUKEwiT5uO-8efyAhWVHLcAHVSbCvQQjRx6BAgAEAk"
          />
          <a
            class="css-arogqd evxfas42"
            href="/details/1234"
          >
            <h4
              class="ant-typography css-dev-only-do-not-override-1pg9a38"
            >
              Track
            </h4>
            <span
              class="ant-typography css-dev-only-do-not-override-1pg9a38"
            >
              Artist Name
            </span>
          </a>
          <div
            class="ant-typography css-dev-only-do-not-override-1pg9a38"
            data-testid="para-test"
          />
        </div>
        <div>
          <div
            class="css-k7pwy3 evxfas41"
          >
            <button
              class="ant-btn css-dev-only-do-not-override-1pg9a38 ant-btn-ghost"
              data-testid="play-btn"
              type="button"
            >
              <span
                class="ant-btn-icon"
              >
                <span
                  aria-label="play-circle"
                  class="anticon anticon-play-circle"
                  role="img"
                >
                  <svg
                    aria-hidden="true"
                    data-icon="play-circle"
                    fill="currentColor"
                    focusable="false"
                    height="1em"
                    viewBox="64 64 896 896"
                    width="1em"
                  >
                    <path
                      d="M512 64C264.6 64 64 264.6 64 512s200.6 448 448 448 448-200.6 448-448S759.4 64 512 64zm0 820c-205.4 0-372-166.6-372-372s166.6-372 372-372 372 166.6 372 372-166.6 372-372 372z"
                      fill="#1677ff"
                    />
                    <path
                      d="M512 140c-205.4 0-372 166.6-372 372s166.6 372 372 372 372-166.6 372-372-166.6-372-372-372zm164.1 378.2L457.7 677.1a8.02 8.02 0 01-12.7-6.5V353a8 8 0 0112.7-6.5l218.4 158.8a7.9 7.9 0 010 12.9z"
                      fill="#e6f4ff"
                    />
                    <path
                      d="M676.1 505.3L457.7 346.5A8 8 0 00445 353v317.6a8.02 8.02 0 0012.7 6.5l218.4-158.9a7.9 7.9 0 000-12.9z"
                      fill="#1677ff"
                    />
                  </svg>
                </span>
              </span>
              <span>
                Play
              </span>
            </button>
            <button
              class="ant-btn css-dev-only-do-not-override-1pg9a38 ant-btn-text ant-btn-lg"
              data-testid="stop-btn"
              disabled=""
              type="button"
            >
              <span
                class="ant-btn-icon"
              >
                <span
                  aria-label="pause-circle"
                  class="anticon anticon-pause-circle"
                  role="img"
                >
                  <svg
                    aria-hidden="true"
                    data-icon="pause-circle"
                    fill="currentColor"
                    focusable="false"
                    height="1em"
                    viewBox="64 64 896 896"
                    width="1em"
                  >
                    <path
                      d="M512 64C264.6 64 64 264.6 64 512s200.6 448 448 448 448-200.6 448-448S759.4 64 512 64zm0 820c-205.4 0-372-166.6-372-372s166.6-372 372-372 372 166.6 372 372-166.6 372-372 372z"
                      fill="#1677ff"
                    />
                    <path
                      d="M512 140c-205.4 0-372 166.6-372 372s166.6 372 372 372 372-166.6 372-372-166.6-372-372-372zm-80 524c0 4.4-3.6 8-8 8h-48c-4.4 0-8-3.6-8-8V360c0-4.4 3.6-8 8-8h48c4.4 0 8 3.6 8 8v304zm224 0c0 4.4-3.6 8-8 8h-48c-4.4 0-8-3.6-8-8V360c0-4.4 3.6-8 8-8h48c4.4 0 8 3.6 8 8v304z"
                      fill="#e6f4ff"
                    />
                    <path
                      d="M424 352h-48c-4.4 0-8 3.6-8 8v304c0 4.4 3.6 8 8 8h48c4.4 0 8-3.6 8-8V360c0-4.4-3.6-8-8-8zm224 0h-48c-4.4 0-8 3.6-8 8v304c0 4.4 3.6 8 8 8h48c4.4 0 8-3.6 8-8V360c0-4.4-3.6-8-8-8z"
                      fill="#1677ff"
                    />
                  </svg>
                </span>
              </span>
              <span>
                Pause
              </span>
            </button>
          </div>
          <div
            aria-valuemax="100"
            aria-valuemin="0"
            aria-valuenow="50"
            class="ant-progress ant-progress-status-normal ant-progress-line ant-progress-line-align-end ant-progress-line-position-outer ant-progress-show-info ant-progress-default css-dev-only-do-not-override-1pg9a38"
            role="progressbar"
          >
            <div
              class="ant-progress-outer"
              style="width: 100%;"
            >
              <div
                class="ant-progress-inner"
              >
                <div
                  class="ant-progress-bg ant-progress-bg-outer"
                  style="width: 0%; height: 8px; --progress-percent: 0;"
                />
              </div>
              <span
                class="ant-progress-text ant-progress-text-end ant-progress-text-outer"
                title="0%"
              >
                0%
              </span>
            </div>
          </div>
        </div>
        <audio
          data-testid="audio-element"
          src="https://mockurl.com/"
        />
      </div>
    </div>
  </div>
</body>
`;
